// Jest Snapshot v1, https://goo.gl/fbAQLP

exports[`List oof Rocket test  Should renders the Rocket page succefully 1`] = `
<div
  className="rockets"
/>
`;
