// Jest Snapshot v1, https://goo.gl/fbAQLP

exports[`Mission component Should returns a row 1`] = `
<div
  className="rockets"
/>
`;
