// Jest Snapshot v1, https://goo.gl/fbAQLP

exports[`Header containing the Navbar Component Should redenders NavBar Component succefully 1`] = `
<div
  className="nav"
>
  <nav
    className="myNav"
  >
    <h1
      className="header"
    >
      <img
        alt="logo"
        className="myLogo"
        height="70px"
        src="logo.png"
        width="70px"
      />
      Space Traveller's Hub
    </h1>
    <ul
      className="nav-link"
    >
      <a
        activeclassname="selected"
        aria-current="page"
        className="active"
        href="#/"
        onClick={[Function]}
      >
        Rockets
      </a>
      <a
        activeclassname="selected"
        className=""
        href="#/missions"
        id="mission"
        onClick={[Function]}
      >
        Missions
      </a>
      <a
        activeclassname="selected"
        className=""
        href="#/myprofile"
        onClick={[Function]}
      >
        My Profile
      </a>
    </ul>
  </nav>
</div>
`;
